DEBUG 2025-08-18 21:28:25.752 UTC: 	 CRAB Client version: v3.250522
DEBUG 2025-08-18 21:28:25.752 UTC: 	 Running on: Linux cmslpc314.fnal.gov 5.14.0-503.40.1.el9_5.x86_64 #1 SMP PREEMPT_DYNAMIC Mon May 5 06:06:04 EDT 2025 x86_64 x86_64 x86_64 GNU/Linux
DEBUG 2025-08-18 21:28:25.752 UTC: 	 Using SINGULARITY image: el7:x86_64
DEBUG 2025-08-18 21:28:25.752 UTC: 	 Operating System: CentOS Linux 7 (Core)
DEBUG 2025-08-18 21:28:25.752 UTC: 	 Executing command: 'checkwrite'
DEBUG 2025-08-18 21:28:25.753 UTC: 	 Found CRAB cache file /uscms/home/yuqingwu/.crab3
DEBUG 2025-08-18 21:28:25.763 UTC: 	 Checking credentials
DEBUG 2025-08-18 21:28:25.763 UTC: 	 Found proxy file /uscms/home/yuqingwu/x509up_u14263
DEBUG 2025-08-18 21:28:25.763 UTC: 	 Making sure it has proper VOMS extension
DEBUG 2025-08-18 21:28:25.763 UTC: 	 Executing command :
 voms-proxy-info --vo --file /uscms/home/yuqingwu/x509up_u14263
DEBUG 2025-08-18 21:28:25.799 UTC: 	 output : cms

 error: 
 retcode : 0
DEBUG 2025-08-18 21:28:25.799 UTC: 	 Getting proxy life time left
DEBUG 2025-08-18 21:28:25.799 UTC: 	 Executing command :
 voms-proxy-info --actimeleft --timeleft --file /uscms/home/yuqingwu/x509up_u14263
DEBUG 2025-08-18 21:28:25.828 UTC: 	 output : 667884
667883

 error: 
 retcode : 0
DEBUG 2025-08-18 21:28:25.828 UTC: 	 Proxy valid for 185:31:23 hours
DEBUG 2025-08-18 21:28:25.829 UTC: 	 Retrieving username ...
DEBUG 2025-08-18 21:28:25.829 UTC: 	 Retrieving username from CRIC...
DEBUG 2025-08-18 21:28:27.711 UTC: 	 username is yuqingw
INFO 2025-08-18 21:28:29.006 UTC: 	 Rucio client intialized for account yuqingw
DEBUG 2025-08-18 21:28:29.006 UTC: 	 Command use: checkwrite
DEBUG 2025-08-18 21:28:29.006 UTC: 	 Options use: ['--site=T3_US_FNALLPC']
DEBUG 2025-08-18 21:28:29.006 UTC: 	 Instance is None
DEBUG 2025-08-18 21:28:29.006 UTC: 	 Server base url is None
DEBUG 2025-08-18 21:28:29.006 UTC: 	 Retrieving username ...
DEBUG 2025-08-18 21:28:29.006 UTC: 	 Retrieving username from CRIC...
DEBUG 2025-08-18 21:28:30.468 UTC: 	 username is yuqingw
INFO 2025-08-18 21:28:30.469 UTC: 	 Will check write permission in the default location /store/user/<username>
INFO 2025-08-18 21:28:30.469 UTC: 	 Validating LFN /store/user/yuqingw...
INFO 2025-08-18 21:28:30.469 UTC: 	 LFN /store/user/yuqingw is valid.
INFO 2025-08-18 21:28:30.494 UTC: 	 Will use `gfal-copy`, `gfal-rm` commands for checking write permissions
INFO 2025-08-18 21:28:30.494 UTC: 	 Will check write permission in /store/user/yuqingw on site T3_US_FNALLPC
INFO 2025-08-18 21:28:30.629 UTC: 	 Will use PFN: davs://cmseos.fnal.gov:9000/eos/uscms/store/user/yuqingw/crab3checkwrite_20250818_162830_e443d316-7dbc-4b3b-ad92-9006fe87c9d2/e443d316-7dbc-4b3b-ad92-9006fe87c9d2.tmp
INFO 2025-08-18 21:28:30.629 UTC: 	 
Attempting to create (dummy) directory crab3checkwrite_20250818_162830_e443d316-7dbc-4b3b-ad92-9006fe87c9d2 and copy (dummy) file e443d316-7dbc-4b3b-ad92-9006fe87c9d2.tmp to /store/user/yuqingw

INFO 2025-08-18 21:28:30.636 UTC: 	 Executing command: which scram >/dev/null 2>&1 && eval `scram unsetenv -sh`; gfal-copy -p -v -t 180 file:///uscms/homes/y/yuqingwu/work/mfv_10647/src/JMTucker/e443d316-7dbc-4b3b-ad92-9006fe87c9d2.tmp 'davs://cmseos.fnal.gov:9000/eos/uscms/store/user/yuqingw/crab3checkwrite_20250818_162830_e443d316-7dbc-4b3b-ad92-9006fe87c9d2/e443d316-7dbc-4b3b-ad92-9006fe87c9d2.tmp'
INFO 2025-08-18 21:28:30.636 UTC: 	 Please wait...
INFO 2025-08-18 21:28:31.900 UTC: 	 Failed running copy command
INFO 2025-08-18 21:28:31.900 UTC: 	   Stdout:
    Copying 85 bytes file:///uscms/homes/y/yuqingwu/work/mfv_10647/src/JMTucker/e443d316-7dbc-4b3b-ad92-9006fe87c9d2.tmp => davs://cmseos.fnal.gov:9000/eos/uscms/store/user/yuqingw/crab3checkwrite_20250818_162830_e443d316-7dbc-4b3b-ad92-9006fe87c9d2/e443d316-7dbc-4b3b-ad92-9006fe87c9d2.tmp
    event: [1755552511767] BOTH   GFAL2:CORE:COPY	LIST:ENTER	
    event: [1755552511767] BOTH   GFAL2:CORE:COPY	LIST:ITEM	file:///uscms/homes/y/yuqingwu/work/mfv_10647/src/JMTucker/e443d316-7dbc-4b3b-ad92-9006fe87c9d2.tmp => davs://cmseos.fnal.gov:9000/eos/uscms/store/user/yuqingw/crab3checkwrite_20250818_162830_e443d316-7dbc-4b3b-ad92-9006fe87c9d2/e443d316-7dbc-4b3b-ad92-9006fe87c9d2.tmp
    event: [1755552511767] BOTH   GFAL2:CORE:COPY	LIST:EXIT	
    event: [1755552511767] BOTH   http_plugin	PREPARE:ENTER	file:///uscms/homes/y/yuqingwu/work/mfv_10647/src/JMTucker/e443d316-7dbc-4b3b-ad92-9006fe87c9d2.tmp => davs://cmseos.fnal.gov:9000/eos/uscms/store/user/yuqingw/crab3checkwrite_20250818_162830_e443d316-7dbc-4b3b-ad92-9006fe87c9d2/e443d316-7dbc-4b3b-ad92-9006fe87c9d2.tmp
    event: [1755552511805] BOTH   http_plugin	PREPARE:EXIT	file:///uscms/homes/y/yuqingwu/work/mfv_10647/src/JMTucker/e443d316-7dbc-4b3b-ad92-9006fe87c9d2.tmp => davs://cmseos.fnal.gov:9000/eos/uscms/store/user/yuqingw/crab3checkwrite_20250818_162830_e443d316-7dbc-4b3b-ad92-9006fe87c9d2/e443d316-7dbc-4b3b-ad92-9006fe87c9d2.tmp
    event: [1755552511805] BOTH   http_plugin	TRANSFER:ENTER	file:///uscms/homes/y/yuqingwu/work/mfv_10647/src/JMTucker/e443d316-7dbc-4b3b-ad92-9006fe87c9d2.tmp => davs://cmseos.fnal.gov:9000/eos/uscms/store/user/yuqingw/crab3checkwrite_20250818_162830_e443d316-7dbc-4b3b-ad92-9006fe87c9d2/e443d316-7dbc-4b3b-ad92-9006fe87c9d2.tmp
    event: [1755552511805] BOTH   http_plugin	TRANSFER:TYPE	streamed
    WARNING Copy failed with mode streamed: HTTP 507 : Insufficient Storage  (destination)
    event: [1755552511849] DEST   http_plugin	CLEANUP	0
    event: [1755552511849] BOTH   http_plugin	TRANSFER:EXIT	ERROR: Copy failed (streamed). Last attempt: HTTP 507 : Insufficient Storage  (destination)
    
INFO 2025-08-18 21:28:31.900 UTC: 	   Stderr:
    gfal-copy error: 39 (Directory not empty) - TRANSFER ERROR: Copy failed (streamed). Last attempt: HTTP 507 : Insufficient Storage  (destination)
    
INFO 2025-08-18 21:28:31.901 UTC: 	 
Checkwrite Result:
INFO 2025-08-18 21:28:31.901 UTC: 	 Unable to check write permission in /store/user/yuqingw on site T3_US_FNALLPC
Please try again later or contact the site administrators sending them the 'crab checkwrite' output as printed above.
INFO 2025-08-18 21:28:31.901 UTC: 	 Note: You cannot write to a site if you did not ask permission.
WARNING 2025-08-18 21:28:31.901 UTC: 	 Command checkwrite failed
ERROR 2025-08-18 21:28:31.901 UTC: 	 Caught CommandFailedException exception
Traceback (most recent call last):
  File "/cvmfs/cms.cern.ch/share/cms/crab-prod/v3.250522.00/bin/crab.py", line 157, in <module>
    client()
  File "/cvmfs/cms.cern.ch/share/cms/crab-prod/v3.250522.00/bin/crab.py", line 144, in __call__
    raise CommandFailedException("Command %s failed" % str(args[0]))
CRABClient.ClientExceptions.CommandFailedException: Command checkwrite failed
